// Jest Snapshot v1, https://goo.gl/fbAQLP

exports[`unknown plugin should support arg: should support arg 1`] = `

import { producer } from '@c11/engine.macro'
const result: producer = ({
  a1 = '123',
  a2 = arg.a1,
  a3 = arg.a2[arg.a1],
  a4 = arg.a3[prop.foo],
}) => { }

      ↓ ↓ ↓ ↓ ↓ ↓

"use strict";

var result = {
  props: {
    type: "STRUCT",
    value: {
      a1: {
        type: "VALUE",
        value: {
          type: "CONST",
          value: "123",
        },
      },
      a2: {
        type: "VALUE",
        value: {
          type: "INTERNAL",
          path: ["a1"],
        },
      },
      a3: {
        type: "VALUE",
        value: {
          type: "INTERNAL",
          path: ["a2", "$a1"],
        },
      },
      a4: {
        type: "VALUE",
        value: {
          type: "INTERNAL",
          path: ["a3", "@foo"],
        },
      },
    },
    meta: {},
  },
  fn: function fn(_ref) {
    var a1 = _ref.a1,
      a2 = _ref.a2,
      a3 = _ref.a3,
      a4 = _ref.a4;
  },
};


`;
