// Jest Snapshot v1, https://goo.gl/fbAQLP

exports[`unknown plugin should support get: should support get 1`] = `

import { producer } from '@c11/engine.macro'
const result: producer = ({
  a1 = get.foo,
  a2 = get[prop.foo],
  a3 = get[arg.a2],
  a4 = get.foo[prop.bar.baz],
  a5 = get.foo.bar[arg.a2],
  a6 = {
    baz: get.foo[arg.a4].baz,
  },
  a7 = get.foo[arg.a5.baz],
  a8 = get.foo[param.prop],
  a9 = get.foo[param.prop].baz,
  a10 = get.foo[param.prop].baz[prop.a2]
}) => { }

      ↓ ↓ ↓ ↓ ↓ ↓

"use strict";

var result = {
  props: {
    type: "STRUCT",
    value: {
      a1: {
        type: "GET",
        path: [
          {
            type: "CONST",
            value: "foo",
          },
        ],
      },
      a2: {
        type: "GET",
        path: [
          {
            type: "EXTERNAL",
            path: ["foo"],
          },
        ],
      },
      a3: {
        type: "GET",
        path: [
          {
            type: "INTERNAL",
            path: ["a2"],
          },
        ],
      },
      a4: {
        type: "GET",
        path: [
          {
            type: "CONST",
            value: "foo",
          },
          {
            type: "EXTERNAL",
            path: ["bar", "baz"],
          },
        ],
      },
      a5: {
        type: "GET",
        path: [
          {
            type: "CONST",
            value: "foo",
          },
          {
            type: "CONST",
            value: "bar",
          },
          {
            type: "INTERNAL",
            path: ["a2"],
          },
        ],
      },
      a6: {
        type: "STRUCT",
        value: {
          baz: {
            type: "GET",
            path: [
              {
                type: "CONST",
                value: "foo",
              },
              {
                type: "INTERNAL",
                path: ["a4"],
              },
              {
                type: "CONST",
                value: "baz",
              },
            ],
          },
        },
      },
      a7: {
        type: "GET",
        path: [
          {
            type: "CONST",
            value: "foo",
          },
          {
            type: "INTERNAL",
            path: ["a5", "baz"],
          },
        ],
      },
      a8: {
        type: "GET",
        path: [
          {
            type: "CONST",
            value: "foo",
          },
          {
            type: "INVOKE",
            path: ["prop"],
          },
        ],
      },
      a9: {
        type: "GET",
        path: [
          {
            type: "CONST",
            value: "foo",
          },
          {
            type: "INVOKE",
            path: ["prop"],
          },
          {
            type: "CONST",
            value: "baz",
          },
        ],
      },
      a10: {
        type: "GET",
        path: [
          {
            type: "CONST",
            value: "foo",
          },
          {
            type: "INVOKE",
            path: ["prop"],
          },
          {
            type: "CONST",
            value: "baz",
          },
          {
            type: "EXTERNAL",
            path: ["a2"],
          },
        ],
      },
    },
    meta: {},
  },
  fn: function fn(_ref) {
    var a1 = _ref.a1,
      a2 = _ref.a2,
      a3 = _ref.a3,
      a4 = _ref.a4,
      a5 = _ref.a5,
      a6 = _ref.a6,
      a7 = _ref.a7,
      a8 = _ref.a8,
      a9 = _ref.a9,
      a10 = _ref.a10;
  },
};


`;
