// Jest Snapshot v1, https://goo.gl/fbAQLP

exports[`unknown plugin should check overlapping import: should check overlapping import 1`] = `

import { view } from '@c11/engine.macro'
import { Engine, foo } from '@c11/engine-view'
console.log('foo:',foo)
const app:view=({})=>{}

      ↓ ↓ ↓ ↓ ↓ ↓

"use strict";

var _engineView = require("@c11/engine-view");

function _objectDestructuringEmpty(obj) {
  if (obj == null) throw new TypeError("Cannot destructure undefined");
}

console.log("foo:", _engineView.foo);
var app = (0, _engineView.view)({
  props: {
    type: "STRUCT",
    value: {},
    meta: {},
  },
  fn: function fn(_ref) {
    _objectDestructuringEmpty(_ref);
  },
});


`;
