// Jest Snapshot v1, https://goo.gl/fbAQLP

exports[`unknown plugin should support path: should support path 1`] = `

import { path, view } from '@c11/engine.macro';
const a = path.foo.bar
const b = path
const foo: view = ({
  value = path.bar,
  doo = a.bam,
  boo = observe.foo[arg.value][arg.doo],
  moo = observe[b]
}) => {}

      ↓ ↓ ↓ ↓ ↓ ↓

"use strict";

var _engine = require("@c11/engine.producer");

var _engineView = require("@c11/engine-view");

var a = _engine.path.foo.bar;
var b = _engine.path;
var foo = (0, _engineView.view)({
  args: {
    type: "STRUCT",
    value: {
      value: {
        type: "VALUE",
        value: {
          type: "CONST",
          value: _engine.path.bar,
        },
      },
      doo: {
        type: "VALUE",
        value: {
          type: "CONST",
          value: a.bam,
        },
      },
      boo: {
        type: "OBSERVE",
        path: [
          {
            type: "CONST",
            value: "foo",
          },
          {
            type: "INTERNAL",
            path: ["value"],
          },
          {
            type: "INTERNAL",
            path: ["doo"],
          },
        ],
      },
      moo: {
        type: "OBSERVE",
        path: [
          {
            type: "CONST",
            value: b,
          },
        ],
      },
    },
    meta: {},
  },
  fn: function fn(_ref) {
    var value = _ref.value,
      doo = _ref.doo,
      boo = _ref.boo,
      moo = _ref.moo;
  },
});


`;
