// Jest Snapshot v1, https://goo.gl/fbAQLP

exports[`unknown plugin should keep Constants: should keep Constants 1`] = `

import { view } from '@c11/engine.macro'
const a: view = ({
  a1 = '123',
  a2 = {
    foo: 123
  },
  a3 = function () { return false },
  a4 = () => {},
  a5 = /123/,
  a6 = null,
  a7 = undefined,
}) => {  }

      ↓ ↓ ↓ ↓ ↓ ↓

"use strict";

var _engineView = require("@c11/engine-view");

var a = (0, _engineView.view)({
  props: {
    type: "STRUCT",
    value: {
      a1: {
        type: "VALUE",
        value: {
          type: "CONST",
          value: "123",
        },
      },
      a2: {
        type: "STRUCT",
        value: {
          foo: {
            type: "VALUE",
            value: {
              type: "CONST",
              value: 123,
            },
          },
        },
      },
      a3: {
        type: "VALUE",
        value: {
          type: "CONST",
          value: function value() {
            return false;
          },
        },
      },
      a4: {
        type: "VALUE",
        value: {
          type: "CONST",
          value: function value() {},
        },
      },
      a5: {
        type: "VALUE",
        value: {
          type: "CONST",
          value: /123/,
        },
      },
      a6: {
        type: "VALUE",
        value: {
          type: "CONST",
          value: null,
        },
      },
      a7: {
        type: "VALUE",
        value: {
          type: "CONST",
          value: undefined,
        },
      },
    },
    meta: {},
  },
  fn: function fn(_ref) {
    var a1 = _ref.a1,
      a2 = _ref.a2,
      a3 = _ref.a3,
      a4 = _ref.a4,
      a5 = _ref.a5,
      a6 = _ref.a6,
      a7 = _ref.a7;
  },
});


`;
