// Jest Snapshot v1, https://goo.gl/fbAQLP

exports[`unknown plugin should support wildcard: should support wildcard 1`] = `

import { wildcard, view } from '@c11/engine.macro';
const foo: view = ({
  id = wildcard,
  boo = observe.foo[arg.id].foo,
  bar = observe.foo[wildcard].bar
}) => {}

      ↓ ↓ ↓ ↓ ↓ ↓

"use strict";

var _engine = require("@c11/engine.producer");

var _engineView = require("@c11/engine-view");

var foo = (0, _engineView.view)({
  props: {
    type: "STRUCT",
    value: {
      id: {
        type: "VALUE",
        value: {
          type: "CONST",
          value: _engine.wildcard,
        },
      },
      boo: {
        type: "OBSERVE",
        path: [
          {
            type: "CONST",
            value: "foo",
          },
          {
            type: "INTERNAL",
            path: ["id"],
          },
          {
            type: "CONST",
            value: "foo",
          },
        ],
      },
      bar: {
        type: "OBSERVE",
        path: [
          {
            type: "CONST",
            value: "foo",
          },
          {
            type: "CONST",
            value: _engine.wildcard,
          },
          {
            type: "CONST",
            value: "bar",
          },
        ],
      },
    },
    meta: {},
  },
  fn: function fn(_ref) {
    var id = _ref.id,
      boo = _ref.boo,
      bar = _ref.bar;
  },
});


`;
